#SampleID	fastqFile	SequencingRun
10A	S10A.extendedFrags.fastq.gz	a
10B	S10B.extendedFrags.fastq.gz	a
10C	S10C.extendedFrags.fastq.gz	a
10D	S10D.extendedFrags.fastq.gz	a
10F	S10F.extendedFrags.fastq.gz	a
11A	S11A.extendedFrags.fastq.gz	a
11B	S11B.extendedFrags.fastq.gz	a
11C	S11C.extendedFrags.fastq.gz	a
11D	S11D.extendedFrags.fastq.gz	a
11F	S11F.extendedFrags.fastq.gz	a
12A	S12A.extendedFrags.fastq.gz	a
12B	S12B.extendedFrags.fastq.gz	a
12C	S12C.extendedFrags.fastq.gz	a
12D	S12D.extendedFrags.fastq.gz	a
12F	S12F.extendedFrags.fastq.gz	a
13A	S13A.extendedFrags.fastq.gz	a
13C	S13C.extendedFrags.fastq.gz	a
13D	S13D.extendedFrags.fastq.gz	a
13F	S13F.extendedFrags.fastq.gz	a
14A	S14A.extendedFrags.fastq.gz	a
14B	S14B.extendedFrags.fastq.gz	a
14C	S14C.extendedFrags.fastq.gz	a
14D	S14D.extendedFrags.fastq.gz	a
14F	S14F.extendedFrags.fastq.gz	a
15A	S15A.extendedFrags.fastq.gz	a
15B	S15B.extendedFrags.fastq.gz	a
15C	S15C.extendedFrags.fastq.gz	a
15D	S15D.extendedFrags.fastq.gz	a
16A	S16A.extendedFrags.fastq.gz	a
16B	S16B.extendedFrags.fastq.gz	a
16C	S16C.extendedFrags.fastq.gz	a
16D	S16D.extendedFrags.fastq.gz	a
16F	S16F.extendedFrags.fastq.gz	a
18A	S18A.extendedFrags.fastq.gz	a
18B	S18B.extendedFrags.fastq.gz	a
18C	S18C.extendedFrags.fastq.gz	a
18D	S18D.extendedFrags.fastq.gz	a
18F	S18F.extendedFrags.fastq.gz	a
19A	S19A.extendedFrags.fastq.gz	a
19B	S19B.extendedFrags.fastq.gz	a
19C	S19C.extendedFrags.fastq.gz	a
19D	S19D.extendedFrags.fastq.gz	a
20A	S20A.extendedFrags.fastq.gz	a
20B	S20B.extendedFrags.fastq.gz	a
20C	S20C.extendedFrags.fastq.gz	a
20D	S20D.extendedFrags.fastq.gz	a
20F	S20F.extendedFrags.fastq.gz	a
21A	S21A.extendedFrags.fastq.gz	a
21B	S21B.extendedFrags.fastq.gz	a
21C	S21C.extendedFrags.fastq.gz	a
21F	S21F.extendedFrags.fastq.gz	a
22A	S22A.extendedFrags.fastq.gz	a
22B	S22B.extendedFrags.fastq.gz	a
22C	S22C.extendedFrags.fastq.gz	a
22D	S22D.extendedFrags.fastq.gz	a
22F	S22F.extendedFrags.fastq.gz	a
23A	S23A.extendedFrags.fastq.gz	a
23B	S23B.extendedFrags.fastq.gz	a
23C	S23C.extendedFrags.fastq.gz	a
23D	S23D.extendedFrags.fastq.gz	a
23F	S23F.extendedFrags.fastq.gz	a
24A1	S24A1.extendedFrags.fastq.gz	a
24A2	S24A2.extendedFrags.fastq.gz	a
24B	S24B.extendedFrags.fastq.gz	a
24D	S24D.extendedFrags.fastq.gz	a
24F	S24F.extendedFrags.fastq.gz	a
25A	S25A.extendedFrags.fastq.gz	a
25B	S25B.extendedFrags.fastq.gz	a
25C	S25C.extendedFrags.fastq.gz	a
25F	S25F.extendedFrags.fastq.gz	a
26A	S26A.extendedFrags.fastq.gz	a
26B	S26B.extendedFrags.fastq.gz	a
26C	S26C.extendedFrags.fastq.gz	a
26D	S26D.extendedFrags.fastq.gz	a
26F	S26F.extendedFrags.fastq.gz	a
27A	S27A.extendedFrags.fastq.gz	a
27B	S27B.extendedFrags.fastq.gz	a
27C	S27C.extendedFrags.fastq.gz	a
27D	S27D.extendedFrags.fastq.gz	a
28A	S28A.extendedFrags.fastq.gz	a
28B	S28B.extendedFrags.fastq.gz	a
28C	S28C.extendedFrags.fastq.gz	a
28D	S28D.extendedFrags.fastq.gz	a
28F	S28F.extendedFrags.fastq.gz	a
29A	S29A.extendedFrags.fastq.gz	a
29C	S29C.extendedFrags.fastq.gz	a
29D1	S29D1.extendedFrags.fastq.gz	a
29D2	S29D2.extendedFrags.fastq.gz	a
30A	S30A.extendedFrags.fastq.gz	a
30B	S30B.extendedFrags.fastq.gz	a
30C	S30C.extendedFrags.fastq.gz	a
30D	S30D.extendedFrags.fastq.gz	a
30F	S30F.extendedFrags.fastq.gz	a
31A	S31A.extendedFrags.fastq.gz	a
31B	S31B.extendedFrags.fastq.gz	a
31C	S31C.extendedFrags.fastq.gz	a
31D	S31D.extendedFrags.fastq.gz	a
31F	S31F.extendedFrags.fastq.gz	a
32A	S32A.extendedFrags.fastq.gz	a
32B	S32B.extendedFrags.fastq.gz	a
32C	S32C.extendedFrags.fastq.gz	a
32D1	S32D1.extendedFrags.fastq.gz	a
32D2	S32D2.extendedFrags.fastq.gz	a
32F	S32F.extendedFrags.fastq.gz	a
33A	S33A.extendedFrags.fastq.gz	a
33B	S33B.extendedFrags.fastq.gz	a
33C	S33C.extendedFrags.fastq.gz	a
33D	S33D.extendedFrags.fastq.gz	a
33F	S33F.extendedFrags.fastq.gz	a
34A	S34A.extendedFrags.fastq.gz	a
34B	S34B.extendedFrags.fastq.gz	a
34C	S34C.extendedFrags.fastq.gz	a
34D	S34D.extendedFrags.fastq.gz	a
35A	S35A.extendedFrags.fastq.gz	a
35B	S35B.extendedFrags.fastq.gz	a
35C	S35C.extendedFrags.fastq.gz	a
35D	S35D.extendedFrags.fastq.gz	a
3A	S3A.extendedFrags.fastq.gz	a
3B	S3B.extendedFrags.fastq.gz	a
3C	S3C.extendedFrags.fastq.gz	a
3D	S3D.extendedFrags.fastq.gz	a
3F	S3F.extendedFrags.fastq.gz	a
4A	S4A.extendedFrags.fastq.gz	a
4B	S4B.extendedFrags.fastq.gz	a
4C	S4C.extendedFrags.fastq.gz	a
4D	S4D.extendedFrags.fastq.gz	a
4F	S4F.extendedFrags.fastq.gz	a
6A	S6A.extendedFrags.fastq.gz	a
6B	S6B.extendedFrags.fastq.gz	a
6C	S6C.extendedFrags.fastq.gz	a
6D	S6D.extendedFrags.fastq.gz	a
6F	S6F.extendedFrags.fastq.gz	a
7A	S7A.extendedFrags.fastq.gz	a
7B	S7B.extendedFrags.fastq.gz	a
7C	S7C.extendedFrags.fastq.gz	a
7D	S7D.extendedFrags.fastq.gz	a
